// Jest Snapshot v1, https://goo.gl/fbAQLP

exports[`Header component test component snapshot 1`] = `
<div
  className="header-container"
>
  <img
    alt="Logo"
    src="test-file-stub"
  />
  <h1>
     Dashboard 
  </h1>
</div>
`;
